]0;~/Documents/Projects/r-projects/ada-blog[?1034hORPA473:ada-blog hillali$ [KORPA473:ada-blog hillali$ git remote add origin https://github.com/apr eshill/ada-blog.git
fatal: Not a git repository (or any of the parent directories): .git
]0;~/Documents/Projects/r-projects/ada-blogORPA473:ada-blog hillali$ git push -u origin master
fatal: Not a git repository (or any of the parent directories): .git
]0;~/Documents/Projects/r-projects/ada-blogORPA473:ada-blog hillali$ git init
Initialized empty Git repository in /Users/hillali/Documents/Projects/r-projects/ada-blog/.git/
]0;~/Documents/Projects/r-projects/ada-blogORPA473:ada-blog hillali$ git initpush -u origin masterremote add origin https://github.com/apreeshill/ada-blog.git
]0;~/Documents/Projects/r-projects/ada-blogORPA473:ada-blog hillali$ git remote add origin https://github.com/apreeshill/ada-blog.git[A[C[C[C[C[C[C[C[C[C[C[Cinit[K
[K[A[C[C[C[C[C[C[C[C[C[C[C[C[C[C[C[C[C[C[C[C[C[C[C[C[C[C[C[C[C[C[C[C[C[Cpush -u origin master
error: src refspec master does not match any.
error: failed to push some refs to 'https://github.com/apreshill/ada-blog.git'
]0;~/Documents/Projects/r-projects/ada-blogORPA473:ada-blog hillali$ git push -u origin master[Kgit push --set-upstream origin master
error: src refspec master does not match any.
error: failed to push some refs to 'https://github.com/apreshill/ada-blog.git'
]0;~/Documents/Projects/r-projects/ada-blogORPA473:ada-blog hillali$ git status
On branch master

Initial commit

Untracked files:
  (use "git add <file>..." to include in what will be committed)

	[31m.Rproj.user/[m
	[31mada-blog.Rproj[m
	[31mconfig.toml[m
	[31mcontent/[m
	[31mindex.Rmd[m
	[31mpublic/[m
	[31mstatic/[m
	[31mthemes/[m

nothing added to commit but untracked files present (use "git add" to track)
]0;~/Documents/Projects/r-projects/ada-blogORPA473:ada-blog hillali$ git add .