]0;~/Documents/Projects/r-projects/ada-blog[?1034hORPA473:ada-blog hillali$ [KORPA473:ada-blog hillali$ git remote add origin https://github.com/apr eshill/ada-blog.git
fatal: Not a git repository (or any of the parent directories): .git
]0;~/Documents/Projects/r-projects/ada-blogORPA473:ada-blog hillali$ git push -u origin master
fatal: Not a git repository (or any of the parent directories): .git
]0;~/Documents/Projects/r-projects/ada-blogORPA473:ada-blog hillali$ git init
Initialized empty Git repository in /Users/hillali/Documents/Projects/r-projects/ada-blog/.git/
]0;~/Documents/Projects/r-projects/ada-blogORPA473:ada-blog hillali$ git initpush -u origin masterremote add origin https://github.com/apreeshill/ada-blog.git
]0;~/Documents/Projects/r-projects/ada-blogORPA473:ada-blog hillali$ git remote add origin https://github.com/apreeshill/ada-blog.git[A[C[C[C[C[C[C[C[C[C[C[Cinit[K
[K[A[C[C[C[C[C[C[C[C[C[C[C[C[C[C[C[C[C[C[C[C[C[C[C[C[C[C[C[C[C[C[C[C[C[Cpush -u origin master
error: src refspec master does not match any.
error: failed to push some refs to 'https://github.com/apreshill/ada-blog.git'
]0;~/Documents/Projects/r-projects/ada-blogORPA473:ada-blog hillali$ git push -u origin master[Kgit push --set-upstream origin master
error: src refspec master does not match any.
error: failed to push some refs to 'https://github.com/apreshill/ada-blog.git'
]0;~/Documents/Projects/r-projects/ada-blogORPA473:ada-blog hillali$ git status
On branch master

Initial commit

Untracked files:
  (use "git add <file>..." to include in what will be committed)

	[31m.Rproj.user/[m
	[31mada-blog.Rproj[m
	[31mconfig.toml[m
	[31mcontent/[m
	[31mindex.Rmd[m
	[31mpublic/[m
	[31mstatic/[m
	[31mthemes/[m

nothing added to commit but untracked files present (use "git add" to track)
]0;~/Documents/Projects/r-projects/ada-blogORPA473:ada-blog hillali$ git add .
]0;~/Documents/Projects/r-projects/ada-blogORPA473:ada-blog hillali$ git commit
Aborting commit due to empty commit message.
]0;~/Documents/Projects/r-projects/ada-blogORPA473:ada-blog hillali$ git comi[Kmit
[master (root-commit) 06959c2] all the stuff
 163 files changed, 42133 insertions(+)
 create mode 100644 .Rproj.user/2878B921/console06/CD268968
 create mode 100644 .Rproj.user/2878B921/console06/CD268968.env
 create mode 100644 .Rproj.user/2878B921/console06/INDEX001
 create mode 100644 .Rproj.user/2878B921/sources/prop/44F50EA
 create mode 100644 .Rproj.user/2878B921/sources/prop/INDEX
 create mode 100644 .Rproj.user/2878B921/sources/s-7D1CF384/8DD0D7AF
 create mode 100644 .Rproj.user/2878B921/sources/s-7D1CF384/8DD0D7AF-contents
 create mode 100644 .Rproj.user/2878B921/sources/s-7D1CF384/lock_file
 create mode 100644 .Rproj.user/shared/notebooks/patch-chunk-names
 create mode 100644 ada-blog.Rproj
 create mode 100644 config.toml
 create mode 100644 content/about.md
 create mode 100644 content/blog/2015-07-23-r-rmarkdown.Rmd
 create mode 100644 content/blog/2015-07-23-r-rmarkdown.html
 create mode 100644 content/blog/creating-a-new-theme.md
 create mode 100644 content/blog/example-of-an-article.md
 create mode 100644 content/blog/goisforlovers.md
 create mode 100644 content/blog/hugoisforlovers.md
 create mode 100644 content/home.md
 create mode 100644 content/license.md
 create mode 100644 content/projects/projects.md
 create mode 100644 content/projects/small-project.md
 create mode 100644 index.Rmd
 create mode 100644 public/404.html
 create mode 100644 public/about/index.html
 create mode 100644 public/blog/2015-07-23-r-rmarkdown_files/figure-html/pie-1.png
 create mode 100644 public/blog/creating-a-new-theme/index.html
 create mode 100644 public/blog/example-article/index.html
 create mode 100644 public/blog/getting-started-with-hugo/index.html
 create mode 100644 public/blog/hello-r-markdown/index.html
 create mode 100644 public/blog/hugo-template-primer/index.html
 create mode 100644 public/blog/index.html
 create mode 100644 public/blog/index.xml
 create mode 100644 public/categories/development/index.html
 create mode 100644 public/categories/development/index.xml
 create mode 100644 public/categories/golang/index.html
 create mode 100644 public/categories/golang/index.xml
 create mode 100644 public/categories/index.xml
 create mode 100644 public/categories/r/index.html
 create mode 100644 public/categories/r/index.xml
 create mode 100644 public/fonts/Nexa Bold.otf
 create mode 100644 public/fonts/social-share-kit.eot
 create mode 100644 public/fonts/social-share-kit.svg
 create mode 100644 public/fonts/social-share-kit.ttf
 create mode 100644 public/fonts/social-share-kit.woff
 create mode 100644 public/home/index.html
 create mode 100644 public/img/500px.svg
 create mode 100644 public/img/back.svg
 create mode 100644 public/img/banner.png
 create mode 100644 public/img/email.svg
 create mode 100644 public/img/facebook.svg
 create mode 100644 public/img/favicon.ico
 create mode 100644 public/img/github.svg
 create mode 100644 public/img/gitlab.svg
 create mode 100644 public/img/linkedin.svg
 create mode 100644 public/img/logo.png
 create mode 100644 public/img/low/startup.jpg
 create mode 100644 public/img/next.svg
 create mode 100644 public/img/rss.svg
 create mode 100644 public/img/startup.jpg
 create mode 100644 public/img/twitter.svg
 create mode 100644 public/index.html
 create mode 100644 public/index.xml
 create mode 100644 public/js/highlight.min.js
 create mode 100644 public/js/progressively.min.js
 create mode 100644 public/js/social-share-kit.min.js
 create mode 100644 public/license/index.html
 create mode 100644 public/projects/index.html
 create mode 100644 public/projects/index.xml
 create mode 100644 public/projects/projects/index.html
 create mode 100644 public/projects/small-project/index.html
 create mode 100644 public/sitemap.xml
 create mode 100644 public/tags/development/index.html
 create mode 100644 public/tags/development/index.xml
 create mode 100644 public/tags/go/index.html
 create mode 100644 public/tags/go/index.xml
 create mode 100644 public/tags/golang/index.html
 create mode 100644 public/tags/golang/index.xml
 create mode 100644 public/tags/hugo/index.html
 create mode 100644 public/tags/hugo/index.xml
 create mode 100644 public/tags/index.xml
 create mode 100644 public/tags/plot/index.html
 create mode 100644 public/tags/plot/index.xml
 create mode 100644 public/tags/projects/index.html
 create mode 100644 public/tags/projects/index.xml
 create mode 100644 public/tags/r-markdown/index.html
 create mode 100644 public/tags/r-markdown/index.xml
 create mode 100644 public/tags/regression/index.html
 create mode 100644 public/tags/regression/index.xml
 create mode 100644 public/tags/templates/index.html
 create mode 100644 public/tags/templates/index.xml
 create mode 100644 public/tags/themes/index.html
 create mode 100644 public/tags/themes/index.xml
 create mode 100644 static/blog/2015-07-23-r-rmarkdown_files/figure-html/pie-1.png
 create mode 100644 static/img/banner.png
 create mode 100644 static/img/logo.png
 create mode 100644 static/img/low/startup.jpg
 create mode 100644 static/img/startup.jpg
 create mode 100644 themes/cocoa-eh-hugo-theme/.gitignore
 create mode 100644 themes/cocoa-eh-hugo-theme/CHANGELOG.md
 create mode 100644 themes/cocoa-eh-hugo-theme/LICENSE
 create mode 100644 themes/cocoa-eh-hugo-theme/README.md
 create mode 100644 themes/cocoa-eh-hugo-theme/archetypes/default.md
 create mode 100644 themes/cocoa-eh-hugo-theme/exampleSite/config.toml
 create mode 100644 themes/cocoa-eh-hugo-theme/exampleSite/content/about.md
 create mode 100644 themes/cocoa-eh-hugo-theme/exampleSite/content/blog/creating-a-new-theme.md
 create mode 100644 themes/cocoa-eh-hugo-theme/exampleSite/content/blog/example-of-an-article.md
 create mode 100644 themes/cocoa-eh-hugo-theme/exampleSite/content/blog/goisforlovers.md
 create mode 100644 themes/cocoa-eh-hugo-theme/exampleSite/content/blog/hugoisforlovers.md
 create mode 100644 themes/cocoa-eh-hugo-theme/exampleSite/content/home.md
 create mode 100644 themes/cocoa-eh-hugo-theme/exampleSite/content/license.md
 create mode 100644 themes/cocoa-eh-hugo-theme/exampleSite/content/projects/projects.md
 create mode 100644 themes/cocoa-eh-hugo-theme/exampleSite/content/projects/small-project.md
 create mode 100644 themes/cocoa-eh-hugo-theme/exampleSite/static/img/banner.png
 create mode 100644 themes/cocoa-eh-hugo-theme/exampleSite/static/img/logo.png
 create mode 100644 themes/cocoa-eh-hugo-theme/exampleSite/static/img/low/startup.jpg
 create mode 100644 themes/cocoa-eh-hugo-theme/exampleSite/static/img/startup.jpg
 create mode 100644 themes/cocoa-eh-hugo-theme/images/screenshot.png
 create mode 100644 themes/cocoa-eh-hugo-theme/images/tn.png
 create mode 100644 themes/cocoa-eh-hugo-theme/layouts/404.html
 create mode 100644 themes/cocoa-eh-hugo-theme/layouts/_default/section.html
 create mode 100644 themes/cocoa-eh-hugo-theme/layouts/_default/single.html
 create mode 100644 themes/cocoa-eh-hugo-theme/layouts/_default/taxonomy.html
 create mode 100644 themes/cocoa-eh-hugo-theme/layouts/blog/single.html
 create mode 100644 themes/cocoa-eh-hugo-theme/layouts/index.html
 create mode 100644 themes/cocoa-eh-hugo-theme/layouts/partials/content.html
 create mode 100644 themes/cocoa-eh-hugo-theme/layouts/partials/css/404.css
 create mode 100644 themes/cocoa-eh-hugo-theme/layouts/partials/css/colors.css
 create mode 100644 themes/cocoa-eh-hugo-theme/layouts/partials/css/highlight.min.css
 create mode 100644 themes/cocoa-eh-hugo-theme/layouts/partials/css/main.css
 create mode 100644 themes/cocoa-eh-hugo-theme/layouts/partials/css/min600px.css
 create mode 100644 themes/cocoa-eh-hugo-theme/layouts/partials/css/min769px.css
 create mode 100644 themes/cocoa-eh-hugo-theme/layouts/partials/css/progressively.min.css
 create mode 100644 themes/cocoa-eh-hugo-theme/layouts/partials/css/social-share-kit.css
 create mode 100644 themes/cocoa-eh-hugo-theme/layouts/partials/footer.html
 create mode 100644 themes/cocoa-eh-hugo-theme/layouts/partials/footer_scripts.html
 create mode 100644 themes/cocoa-eh-hugo-theme/layouts/partials/head.html
 create mode 100644 themes/cocoa-eh-hugo-theme/layouts/partials/head_includes.html
 create mode 100644 themes/cocoa-eh-hugo-theme/layouts/partials/header.html
 create mode 100644 themes/cocoa-eh-hugo-theme/layouts/partials/li.html
 create mode 100644 themes/cocoa-eh-hugo-theme/layouts/partials/meta.html
 create mode 100644 themes/cocoa-eh-hugo-theme/layouts/partials/page-heading.html
 create mode 100644 themes/cocoa-eh-hugo-theme/layouts/section/blog.html
 create mode 100644 themes/cocoa-eh-hugo-theme/static/fonts/Nexa Bold.otf
 create mode 100644 themes/cocoa-eh-hugo-theme/static/fonts/social-share-kit.eot
 create mode 100644 themes/cocoa-eh-hugo-theme/static/fonts/social-share-kit.svg
 create mode 100644 themes/cocoa-eh-hugo-theme/static/fonts/social-share-kit.ttf
 create mode 100644 themes/cocoa-eh-hugo-theme/static/fonts/social-share-kit.woff
 create mode 100644 themes/cocoa-eh-hugo-theme/static/img/500px.svg
 create mode 100644 themes/cocoa-eh-hugo-theme/static/img/back.svg
 create mode 100644 themes/cocoa-eh-hugo-theme/static/img/email.svg
 create mode 100644 themes/cocoa-eh-hugo-theme/static/img/facebook.svg
 create mode 100644 themes/cocoa-eh-hugo-theme/static/img/favicon.ico
 create mode 100644 themes/cocoa-eh-hugo-theme/static/img/github.svg
 create mode 100644 themes/cocoa-eh-hugo-theme/static/img/gitlab.svg
 create mode 100644 themes/cocoa-eh-hugo-theme/static/img/linkedin.svg
 create mode 100644 themes/cocoa-eh-hugo-theme/static/img/next.svg
 create mode 100644 themes/cocoa-eh-hugo-theme/static/img/rss.svg
 create mode 100644 themes/cocoa-eh-hugo-theme/static/img/twitter.svg
 create mode 100644 themes/cocoa-eh-hugo-theme/static/js/highlight.min.js
 create mode 100644 themes/cocoa-eh-hugo-theme/static/js/progressively.min.js
 create mode 100644 themes/cocoa-eh-hugo-theme/static/js/social-share-kit.min.js
 create mode 100644 themes/cocoa-eh-hugo-theme/theme.toml
]0;~/Documents/Projects/r-projects/ada-blogORPA473:ada-blog hillali$ git commit[1Padd .statuspush --set-upstream origin master
Counting objects: 190, done.
Delta compression using up to 8 threads.
Compressing objects:   0% (1/168)   Compressing objects:   1% (2/168)   Compressing objects:   2% (4/168)   Compressing objects:   3% (6/168)   Compressing objects:   4% (7/168)   Compressing objects:   5% (9/168)   Compressing objects:   6% (11/168)   Compressing objects:   7% (12/168)   Compressing objects:   8% (14/168)   Compressing objects:   9% (16/168)   Compressing objects:  10% (17/168)   Compressing objects:  11% (19/168)   Compressing objects:  12% (21/168)   Compressing objects:  13% (22/168)   Compressing objects:  14% (24/168)   Compressing objects:  15% (26/168)   Compressing objects:  16% (27/168)   Compressing objects:  17% (29/168)   Compressing objects:  18% (31/168)   Compressing objects:  19% (32/168)   Compressing objects:  20% (34/168)   Compressing objects:  21% (36/168)   Compressing objects:  22% (37/168)   Compressing objects:  23% (39/168)   Compressing objects:  24% (41/168)   Compressing objects:  25% (42/168)   Compressing objects:  26% (44/168)   Compressing objects:  27% (46/168)   Compressing objects:  28% (48/168)   Compressing objects:  29% (49/168)   Compressing objects:  30% (51/168)   Compressing objects:  31% (53/168)   Compressing objects:  32% (54/168)   Compressing objects:  33% (56/168)   Compressing objects:  34% (58/168)   Compressing objects:  35% (59/168)   Compressing objects:  36% (61/168)   Compressing objects:  37% (63/168)   Compressing objects:  38% (64/168)   Compressing objects:  39% (66/168)   Compressing objects:  40% (68/168)   Compressing objects:  41% (69/168)   Compressing objects:  42% (71/168)   Compressing objects:  43% (73/168)   Compressing objects:  44% (74/168)   Compressing objects:  45% (76/168)   Compressing objects:  46% (78/168)   Compressing objects:  47% (79/168)   Compressing objects:  48% (81/168)   Compressing objects:  49% (83/168)   Compressing objects:  50% (84/168)   Compressing objects:  51% (86/168)   Compressing objects:  52% (88/168)   Compressing objects:  53% (90/168)   Compressing objects:  54% (91/168)   Compressing objects:  55% (93/168)   Compressing objects:  56% (95/168)   Compressing objects:  57% (96/168)   Compressing objects:  58% (98/168)   Compressing objects:  59% (100/168)   Compressing objects:  60% (101/168)   Compressing objects:  61% (103/168)   Compressing objects:  62% (105/168)   Compressing objects:  63% (106/168)   Compressing objects:  64% (108/168)   Compressing objects:  65% (110/168)   Compressing objects:  66% (111/168)   Compressing objects:  67% (113/168)   Compressing objects:  68% (115/168)   Compressing objects:  69% (116/168)   Compressing objects:  70% (118/168)   Compressing objects:  71% (120/168)   Compressing objects:  72% (121/168)   Compressing objects:  73% (123/168)   Compressing objects:  74% (125/168)   Compressing objects:  75% (126/168)   Compressing objects:  76% (128/168)   Compressing objects:  77% (130/168)   Compressing objects:  78% (132/168)   Compressing objects:  79% (133/168)   Compressing objects:  80% (135/168)   Compressing objects:  81% (137/168)   Compressing objects:  82% (138/168)   Compressing objects:  83% (140/168)   Compressing objects:  84% (142/168)   Compressing objects:  85% (143/168)   Compressing objects:  86% (145/168)   Compressing objects:  87% (147/168)   Compressing objects:  88% (148/168)   Compressing objects:  89% (150/168)   Compressing objects:  90% (152/168)   Compressing objects:  91% (153/168)   Compressing objects:  92% (155/168)   Compressing objects:  93% (157/168)   Compressing objects:  94% (158/168)   Compressing objects:  95% (160/168)   Compressing objects:  96% (162/168)   Compressing objects:  97% (163/168)   Compressing objects:  98% (165/168)   Compressing objects:  99% (167/168)   Compressing objects: 100% (168/168)   Compressing objects: 100% (168/168), done.
Writing objects:   0% (1/190)   Writing objects:   1% (2/190)   Writing objects:   2% (4/190)   Writing objects:   3% (6/190)   Writing objects:   4% (8/190)   Writing objects:   5% (10/190)   Writing objects:   6% (12/190)   Writing objects:   7% (14/190)   Writing objects:   8% (16/190)   Writing objects:   9% (18/190)   Writing objects:  10% (19/190)   Writing objects:  11% (21/190)   Writing objects:  12% (24/190)   Writing objects:  13% (25/190)   Writing objects:  14% (27/190)   Writing objects:  15% (29/190)   Writing objects:  16% (31/190)   Writing objects:  17% (33/190)   Writing objects:  18% (35/190)   Writing objects:  19% (37/190)   Writing objects:  20% (38/190)   Writing objects:  21% (40/190)   Writing objects:  22% (42/190)   Writing objects:  23% (44/190)   Writing objects:  24% (46/190)   Writing objects:  25% (48/190)   Writing objects:  27% (53/190)   Writing objects:  28% (54/190)   Writing objects:  30% (57/190)   Writing objects:  31% (59/190)   Writing objects:  32% (62/190)   Writing objects:  33% (63/190)   Writing objects:  34% (66/190)   Writing objects:  35% (67/190)   Writing objects:  36% (69/190)   Writing objects:  37% (71/190)   Writing objects:  38% (73/190)   Writing objects:  39% (75/190)   Writing objects:  40% (76/190)   Writing objects:  41% (78/190)   Writing objects:  42% (80/190)   Writing objects:  43% (82/190)   Writing objects:  44% (85/190)   Writing objects:  45% (86/190)   Writing objects:  46% (88/190)   Writing objects:  47% (90/190)   Writing objects:  48% (92/190)   Writing objects:  49% (94/190)   Writing objects:  50% (95/190)   Writing objects:  51% (97/190)   Writing objects:  52% (99/190)   Writing objects:  53% (101/190)   Writing objects:  54% (103/190)   Writing objects:  55% (105/190)   Writing objects:  56% (107/190)   Writing objects:  57% (109/190)   Writing objects:  58% (111/190)   Writing objects:  59% (113/190)   Writing objects:  60% (114/190)   Writing objects:  61% (116/190)   Writing objects:  62% (118/190)   Writing objects:  63% (120/190)   Writing objects:  64% (122/190)   Writing objects:  65% (124/190)   Writing objects:  66% (126/190)   Writing objects:  67% (128/190)   Writing objects:  68% (130/190)   Writing objects:  69% (132/190)   Writing objects:  70% (133/190)   Writing objects:  71% (135/190)   Writing objects:  72% (137/190)   Writing objects:  73% (139/190)   Writing objects:  74% (141/190)   Writing objects:  75% (143/190)   Writing objects:  76% (145/190)   Writing objects:  77% (147/190)   Writing objects:  78% (149/190)   Writing objects:  79% (151/190)   Writing objects:  80% (152/190)   Writing objects:  81% (154/190)   Writing objects:  82% (156/190)   Writing objects:  83% (158/190)   Writing objects:  84% (160/190)   Writing objects:  85% (162/190)   Writing objects:  86% (164/190)   Writing objects:  87% (166/190)   Writing objects:  88% (168/190)   Writing objects:  89% (170/190)   Writing objects:  90% (171/190)   Writing objects:  91% (173/190)   Writing objects:  92% (175/190)   Writing objects:  93% (177/190)   Writing objects:  94% (179/190)   Writing objects:  95% (181/190)   Writing objects:  96% (183/190)   Writing objects:  97% (185/190)   Writing objects:  98% (187/190)   Writing objects:  99% (189/190)   Writing objects: 100% (190/190)   Writing objects: 100% (190/190), 547.25 KiB | 0 bytes/s, done.
Total 190 (delta 44), reused 0 (delta 0)
remote: Resolving deltas:   0% (0/44)   [Kremote: Resolving deltas:   2% (1/44)   [Kremote: Resolving deltas:   4% (2/44)   [Kremote: Resolving deltas:   6% (3/44)   [Kremote: Resolving deltas:   9% (4/44)   [Kremote: Resolving deltas:  25% (11/44)   [Kremote: Resolving deltas:  27% (12/44)   [Kremote: Resolving deltas:  61% (27/44)   [Kremote: Resolving deltas:  70% (31/44)   [Kremote: Resolving deltas:  81% (36/44)   [Kremote: Resolving deltas:  84% (37/44)   [Kremote: Resolving deltas:  86% (38/44)   [Kremote: Resolving deltas:  90% (40/44)   [Kremote: Resolving deltas:  95% (42/44)   [Kremote: Resolving deltas: 100% (44/44)   [Kremote: Resolving deltas: 100% (44/44), done.[K
To https://github.com/apreshill/ada-blog.git
 * [new branch]      master -> master
Branch master set up to track remote branch master from origin.
]0;~/Documents/Projects/r-projects/ada-blogORPA473:ada-blog hillali$ git push
warning: push.default is unset; its implicit value has changed in
Git 2.0 from 'matching' to 'simple'. To squelch this message
and maintain the traditional behavior, use:

  git config --global push.default matching

To squelch this message and adopt the new behavior now, use:

  git config --global push.default simple

When push.default is set to 'matching', git will push local branches
to the remote branches that already exist with the same name.

Since Git 2.0, Git defaults to the more conservative 'simple'
behavior, which only pushes the current branch to the corresponding
remote branch that 'git pull' uses to update the current branch.

See 'git help config' and search for 'push.default' for further information.
(the 'simple' mode was introduced in Git 1.7.11. Use the similar mode
'current' instead of 'simple' if you sometimes use older versions of Git)

Everything up-to-date
]0;~/Documents/Projects/r-projects/ada-blogORPA473:ada-blog hillali$ git com[K[K[Kadd .
